// Jest Snapshot v1, https://goo.gl/fbAQLP

exports[`matches the todo snapshot 1`] = `
<DocumentFragment>
  <div
    class="Todo"
    id="12345"
  >
    <div
      class="Todo-task-container"
    >
      <span
        class="Todo-task"
      >
        <i
          class="fas fa-angle-double-right"
        />
         walk dog
      </span>
    </div>
    <div
      class="Todo-buttons"
    >
      <button
        class="Todo-delete"
      >
        X
      </button>
      <button
        class="Todo-markComplete"
      >
        Mark Complete
      </button>
    </div>
  </div>
</DocumentFragment>
`;
